[INFO] Scanning for projects...
[INFO] 
[INFO] ---------------------------< com.leika:shop >---------------------------
[INFO] Building Fashion Shop 1.0.0
[INFO]   from pom.xml
[INFO] --------------------------------[ jar ]---------------------------------
[INFO] 
[INFO] --- clean:3.4.1:clean (default-clean) @ shop ---
[INFO] Deleting D:\JAVA6\target
[INFO] 
[INFO] --- resources:3.3.1:resources (default-resources) @ shop ---
[INFO] Copying 1 resource from src\main\resources to target\classes
[INFO] Copying 28 resources from src\main\resources to target\classes
[INFO] 
[INFO] --- compiler:3.14.0:compile (default-compile) @ shop ---
[INFO] Recompiling the module because of changed source code.
[INFO] Compiling 92 source files with javac [debug parameters release 25] to target\classes
mvn : WARNING: A terminally deprecated method in sun.misc.Unsafe has been 
called
At line:1 char:1
+ mvn clean compile > build_output.txt 2>&1; Get-Content build_output.t ...
+ ~~~~~~~~~~~~~~~~~~~~~~~~~~~~~~~~~~~~~~~~~
    + CategoryInfo          : NotSpecified: (WARNING: A term...has been called 
   :String) [], RemoteException
    + FullyQualifiedErrorId : NativeCommandError
 
WARNING: sun.misc.Unsafe::objectFieldOffset has been called by 
lombok.permit.Permit
WARNING: Please consider reporting this to the maintainers of class 
lombok.permit.Permit
WARNING: sun.misc.Unsafe::objectFieldOffset will be removed in a future release
[WARNING] /D:/JAVA6/src/main/java/com/leika/shop/specification/ProductSpecification.java:[63,52] <T>where(org.springframework.data.jpa.domain.Specification<T>) in org.springframework.data.jpa.domain.Specification has been deprecated and marked for removal
[INFO] /D:/JAVA6/src/main/java/com/leika/shop/config/SecurityConfig.java: Some input files use or override a deprecated API.
[INFO] /D:/JAVA6/src/main/java/com/leika/shop/config/SecurityConfig.java: Recompile with -Xlint:deprecation for details.
[INFO] ------------------------------------------------------------------------
[INFO] BUILD SUCCESS
[INFO] ------------------------------------------------------------------------
[INFO] Total time:  6.209 s
[INFO] Finished at: 2026-04-03T08:40:36+07:00
[INFO] ------------------------------------------------------------------------
